******************************************************************************
                  TI ARM Linker PC v20.2.7                     
******************************************************************************
>> Linked Thu May  2 01:17:48 2024

OUTPUT FILE NAME:   <TermProject.out>
ENTRY POINT SYMBOL: "_c_int00_noargs"  address: 00003e6d


MEMORY CONFIGURATION

         name            origin    length      used     unused   attr    fill
----------------------  --------  ---------  --------  --------  ----  --------
  FLASH                 00000000   00040000  00004109  0003bef7  R  X
  SRAM                  20000000   00008000  0000168c  00006974  RW X


SEGMENT ALLOCATION MAP

run origin  load origin   length   init length attrs members
----------  ----------- ---------- ----------- ----- -------
00000000    00000000    00004110   00004110    r-x
  00000000    00000000    0000026c   0000026c    r-- .intvecs
  0000026c    0000026c    00003d64   00003d64    r-x .text
  00003fd0    00003fd0    00000101   00000101    r-- .const
  000040d8    000040d8    00000038   00000038    r-- .cinit
20000000    20000000    0000168c   00000000    rw-
  20000000    20000000    00001000   00000000    rw- .stack
  20001000    20001000    0000047c   00000000    rw- .bss
  2000147c    2000147c    00000210   00000000    rw- .data


SECTION ALLOCATION MAP

 output                                  attributes/
section   page    origin      length       input sections
--------  ----  ----------  ----------   ----------------
.intvecs   0    00000000    0000026c     
                  00000000    0000026c     tm4c123gh6pm_startup_ccs.obj (.intvecs)

.text      0    0000026c    00003d64     
                  0000026c    000010e4     Project.obj (.text)
                  00001350    00000a4e     rtsv7M4_T_le_v4SPD16_eabi.lib : _printfi.c.obj (.text:__TI_printfi)
                  00001d9e    00000002                                   : div0.asm.obj (.text)
                  00001da0    00000808     gpio.obj (.text)
                  000025a8    00000438     uart0.obj (.text)
                  000029e0    00000270     rtsv7M4_T_le_v4SPD16_eabi.lib : _printfi.c.obj (.text:_pconv_a)
                  00002c50    000001d0                                   : _printfi.c.obj (.text:_pconv_g)
                  00002e20    000001b6                                   : fd_add_t2.asm.obj (.text)
                  00002fd6    00000002     --HOLE-- [fill = 0]
                  00002fd8    0000013c                                   : _printfi.c.obj (.text:_pconv_e)
                  00003114    00000136                                   : fd_div_t2.asm.obj (.text)
                  0000324a    00000002     --HOLE-- [fill = 0]
                  0000324c    00000124                                   : _printfi.c.obj (.text:fcvt)
                  00003370    00000118     rgb_led.obj (.text)
                  00003488    00000110     rtsv7M4_T_le_v4SPD16_eabi.lib : s_scalbn.c.obj (.text:scalbn)
                  00003598    000000fc                                   : fd_mul_t2.asm.obj (.text)
                  00003694    000000d4     nvic.obj (.text)
                  00003768    000000b1     rtsv7M4_T_le_v4SPD16_eabi.lib : _printfi.c.obj (.text:_ltostr)
                  00003819    00000001     --HOLE-- [fill = 0]
                  0000381a    0000009c                                   : memcpy_t2.asm.obj (.text)
                  000038b6    00000096                                   : ull_div_t2.asm.obj (.text)
                  0000394c    00000086                                   : fd_cmp_t2.asm.obj (.text:__aeabi_cdcmple)
                  000039d2    00000086                                   : fd_cmp_t2.asm.obj (.text:__aeabi_cdrcmple)
                  00003a58    0000007a                                   : memset_t2.asm.obj (.text)
                  00003ad2    0000006e                                   : _printfi.c.obj (.text:_mcpy)
                  00003b40    00000068                                   : copy_decompress_lzss.c.obj (.text:decompress:lzss:__TI_decompress_lzss)
                  00003ba8    00000064                                   : s_frexp.c.obj (.text:frexp)
                  00003c0c    00000056                                   : _printfi.c.obj (.text:_pconv_f)
                  00003c62    00000054                                   : _ltoa.c.obj (.text:__TI_ltoa)
                  00003cb6    00000052                                   : _printfi.c.obj (.text:_ecpy)
                  00003d08    0000004c                                   : atoi.c.obj (.text:atoi)
                  00003d54    0000004c                                   : snprintf.c.obj (.text:snprintf)
                  00003da0    00000048                                   : fd_toi_t2.asm.obj (.text)
                  00003de8    00000044                                   : autoinit.c.obj (.text:__TI_auto_init_nobinit_nopinit:__TI_auto_init_nobinit_nopinit)
                  00003e2c    0000003e                                   : _printfi.c.obj (.text:_fcpy)
                  00003e6a    00000002     --HOLE-- [fill = 0]
                  00003e6c    00000034                                   : boot_cortex_m.c.obj (.text:_c_int00_noargs:_c_int00_noargs)
                  00003ea0    00000030                                   : snprintf.c.obj (.text:_outs)
                  00003ed0    0000002e                                   : i_tofd_t2.asm.obj (.text)
                  00003efe    0000001c                                   : memccpy.c.obj (.text:memccpy)
                  00003f1a    0000001a                                   : s_copysign.c.obj (.text:copysign)
                  00003f34    00000018                                   : snprintf.c.obj (.text:_outc)
                  00003f4c    00000016                                   : strchr.c.obj (.text:strchr)
                  00003f62    00000014                                   : strlen.c.obj (.text:strlen)
                  00003f76    00000012                                   : wcslen.c.obj (.text:wcslen)
                  00003f88    00000010     clock.obj (.text)
                  00003f98    0000000e     rtsv7M4_T_le_v4SPD16_eabi.lib : copy_decompress_none.c.obj (.text:decompress:none:__TI_decompress_none)
                  00003fa6    0000000c                                   : copy_zero_init.c.obj (.text:decompress:ZI:__TI_zero_init)
                  00003fb2    0000000c     tm4c123gh6pm_startup_ccs.obj (.text)
                  00003fbe    00000002     --HOLE-- [fill = 0]
                  00003fc0    00000008     rtsv7M4_T_le_v4SPD16_eabi.lib : errno.c.obj (.text:__aeabi_errno_addr)
                  00003fc8    00000004                                   : pre_init.c.obj (.text:_system_pre_init)
                  00003fcc    00000004                                   : exit.c.obj (.text:abort:abort)

.const     0    00003fd0    00000101     
                  00003fd0    00000101     rtsv7M4_T_le_v4SPD16_eabi.lib : ctype.c.obj (.const:.string:_ctypes_)

.cinit     0    000040d8    00000038     
                  000040d8    0000000e     (.cinit..data.load) [load image, compression = lzss]
                  000040e6    00000002     --HOLE-- [fill = 0]
                  000040e8    0000000c     (__TI_handler_table)
                  000040f4    00000004     --HOLE-- [fill = 0]
                  000040f8    00000008     (.cinit..bss.load) [load image, compression = zero_init]
                  00004100    00000010     (__TI_cinit_table)

.init_array 
*          0    00000000    00000000     UNINITIALIZED

.bss       0    20001000    0000047c     UNINITIALIZED
                  20001000    00000400     (.common:CTL_TABLE)
                  20001400    00000064     (.common:str)
                  20001464    00000004     (.common:UDMA_CH15_ALT_CTLW)
                  20001468    00000004     (.common:UDMA_CH15_ALT_DEP)
                  2000146c    00000004     (.common:UDMA_CH15_ALT_SEP)
                  20001470    00000004     (.common:UDMA_CH15_PRIM_CTLW)
                  20001474    00000004     (.common:UDMA_CH15_PRIM_DEP)
                  20001478    00000004     (.common:UDMA_CH15_PRIM_SEP)

.data      0    2000147c    00000210     UNINITIALIZED
                  2000147c    00000100     Project.obj (.data:ping)
                  2000157c    00000100     Project.obj (.data:pong)
                  2000167c    0000000c     Project.obj (.data)
                  20001688    00000004     rtsv7M4_T_le_v4SPD16_eabi.lib : errno.c.obj (.data)

.stack     0    20000000    00001000     UNINITIALIZED
                  20000000    00000004     rtsv7M4_T_le_v4SPD16_eabi.lib : boot_cortex_m.c.obj (.stack)
                  20000004    00000ffc     --HOLE--

__llvm_prf_cnts 
*          0    20000000    00000000     UNINITIALIZED

MODULE SUMMARY

       Module                         code    ro data   rw data
       ------                         ----    -------   -------
    .\
       Project.obj                    4324    0         1672   
       gpio.obj                       2056    0         0      
       uart0.obj                      1080    0         0      
       tm4c123gh6pm_startup_ccs.obj   12      620       0      
       rgb_led.obj                    280     0         0      
       nvic.obj                       212     0         0      
       clock.obj                      16      0         0      
    +--+------------------------------+-------+---------+---------+
       Total:                         7980    620       1672   
                                                               
    C:\ti\ccs1240\ccs\tools\compiler\ti-cgt-arm_20.2.7.LTS\lib\rtsv7M4_T_le_v4SPD16_eabi.lib
       _printfi.c.obj                 4851    0         0      
       fd_add_t2.asm.obj              438     0         0      
       fd_div_t2.asm.obj              310     0         0      
       s_scalbn.c.obj                 272     0         0      
       fd_cmp_t2.asm.obj              268     0         0      
       ctype.c.obj                    0       257       0      
       fd_mul_t2.asm.obj              252     0         0      
       memcpy_t2.asm.obj              156     0         0      
       ull_div_t2.asm.obj             150     0         0      
       snprintf.c.obj                 148     0         0      
       memset_t2.asm.obj              122     0         0      
       copy_decompress_lzss.c.obj     104     0         0      
       s_frexp.c.obj                  100     0         0      
       _ltoa.c.obj                    84      0         0      
       atoi.c.obj                     76      0         0      
       fd_toi_t2.asm.obj              72      0         0      
       autoinit.c.obj                 68      0         0      
       boot_cortex_m.c.obj            52      0         0      
       i_tofd_t2.asm.obj              46      0         0      
       memccpy.c.obj                  28      0         0      
       s_copysign.c.obj               26      0         0      
       strchr.c.obj                   22      0         0      
       strlen.c.obj                   20      0         0      
       wcslen.c.obj                   18      0         0      
       copy_decompress_none.c.obj     14      0         0      
       copy_zero_init.c.obj           12      0         0      
       errno.c.obj                    8       0         4      
       exit.c.obj                     4       0         0      
       pre_init.c.obj                 4       0         0      
       div0.asm.obj                   2       0         0      
    +--+------------------------------+-------+---------+---------+
       Total:                         7727    257       4      
                                                               
       Stack:                         0       0         4096   
       Linker Generated:              0       50        0      
    +--+------------------------------+-------+---------+---------+
       Grand Total:                   15707   927       5772   


LINKER GENERATED COPY TABLES

__TI_cinit_table @ 00004100 records: 2, size/record: 8, table size: 16
	.data: load addr=000040d8, load size=0000000e bytes, run addr=2000147c, run size=00000210 bytes, compression=lzss
	.bss: load addr=000040f8, load size=00000008 bytes, run addr=20001000, run size=0000047c bytes, compression=zero_init


LINKER GENERATED HANDLER TABLE

__TI_handler_table @ 000040e8 records: 3, size/record: 4, table size: 12
	index: 0, handler: __TI_decompress_lzss
	index: 1, handler: __TI_decompress_none
	index: 2, handler: __TI_zero_init


GLOBAL SYMBOLS: SORTED ALPHABETICALLY BY Name 

address   name                          
-------   ----                          
00000551  ADC0_SS1_ISR                  
000005ed  ADC1_CMPs_ISR                 
00003fcd  C$$EXIT                       
20001000  CTL_TABLE                     
00000b7d  Normalize                     
00003fb3  ResetISR                      
20001464  UDMA_CH15_ALT_CTLW            
20001468  UDMA_CH15_ALT_DEP             
2000146c  UDMA_CH15_ALT_SEP             
20001470  UDMA_CH15_PRIM_CTLW           
20001474  UDMA_CH15_PRIM_DEP            
20001478  UDMA_CH15_PRIM_SEP            
20001000  __STACK_END                   
00001000  __STACK_SIZE                  
20000200  __STACK_TOP                   
00004100  __TI_CINIT_Base               
00004110  __TI_CINIT_Limit              
000040e8  __TI_Handler_Table_Base       
000040f4  __TI_Handler_Table_Limit      
00003de9  __TI_auto_init_nobinit_nopinit
00003b41  __TI_decompress_lzss          
00003f99  __TI_decompress_none          
00003c63  __TI_ltoa                     
ffffffff  __TI_pprof_out_hndl           
00001351  __TI_printfi                  
ffffffff  __TI_prof_data_size           
ffffffff  __TI_prof_data_start          
00000000  __TI_static_base__            
00003fa7  __TI_zero_init                
0000394d  __aeabi_cdcmpeq               
0000394d  __aeabi_cdcmple               
000039d3  __aeabi_cdrcmple              
00003da1  __aeabi_d2iz                  
00002e2b  __aeabi_dadd                  
00003115  __aeabi_ddiv                  
00003599  __aeabi_dmul                  
00002e21  __aeabi_dsub                  
00003fc1  __aeabi_errno_addr            
00003ed1  __aeabi_i2d                   
00001d9f  __aeabi_idiv0                 
00001d9f  __aeabi_ldiv0                 
00003a59  __aeabi_memclr                
00003a59  __aeabi_memclr4               
00003a59  __aeabi_memclr8               
0000381b  __aeabi_memcpy                
0000381b  __aeabi_memcpy4               
0000381b  __aeabi_memcpy8               
00003a5b  __aeabi_memset                
00003a5b  __aeabi_memset4               
00003a5b  __aeabi_memset8               
000038b7  __aeabi_uldivmod              
ffffffff  __binit__                     
ffffffff  __c_args__                    
UNDEFED   __mpu_init                    
20000000  __stack                       
20000000  __start___llvm_prf_cnts       
20000000  __stop___llvm_prf_cnts        
00003e6d  _c_int00_noargs               
00003fd0  _ctypes_                      
UNDEFED   _system_post_cinit            
00003fc9  _system_pre_init              
00003fcd  abort                         
00000d21  abs                           
00000dc3  angleOfArrival                
00003d09  atoi                          
ffffffff  binit                         
000023f5  clearPinInterrupt             
00003f1b  copysign                      
00003f1b  copysignl                     
00000bf5  crossCo                       
000036cd  disableNvicInterrupt          
000023d1  disablePinInterrupt           
00002109  disablePinPulldown            
000020c1  disablePinPullup              
00001e5d  disablePort                   
00003695  enableNvicInterrupt           
000023ad  enablePinInterrupt            
000020e5  enablePinPulldown             
00002093  enablePinPullup               
00001da1  enablePort                    
20001688  errno                         
00003ba9  frexp                         
00003ba9  frexpl                        
00000000  g_pfnVectors                  
000008e9  getData                       
00002905  getFieldInteger               
000028cd  getFieldString                
00002463  getPinValue                   
00002519  getPortValue                  
0000267f  getcUart0                     
000026e5  getsUart0                     
0000026d  initDMA                       
00000353  initHw                        
00003371  initRgb                       
00003f89  initSystemClockTo40Mhz        
000025a9  initUart0                     
00002987  isCommand                     
00002693  kbhitUart0                    
00003489  ldexp                         
00003489  ldexpl                        
20001684  limit                         
00000e99  main                          
00003eff  memccpy                       
0000381b  memcpy                        
00003a61  memset                        
00002761  parseFields                   
2000147c  ping                          
20001680  pingFullLast                  
2000157c  pong                          
20001681  pongFullLast                  
00002637  putcUart0                     
00002653  putsUart0                     
00003489  scalbn                        
00003489  scalbnl                       
00001fc7  selectPinAnalogInput          
00001f79  selectPinDigitalInput         
000022e3  selectPinInterruptBothEdges   
00002293  selectPinInterruptFallingEdge 
00002339  selectPinInterruptHighLevel   
00002373  selectPinInterruptLowLevel    
00002243  selectPinInterruptRisingEdge  
00001f2b  selectPinOpenDrainOutput      
00001edd  selectPinPushPullOutput       
00000d3d  setColor                      
00003705  setNvicInterruptPriority      
00002131  setPinAuxFunction             
00002017  setPinCommitControl           
00002419  setPinValue                   
000024a1  setPortValue                  
00003419  setRgbColor                   
000025f3  setUart0BaudRate              
00003d55  snprintf                      
20001400  str                           
00003f4d  strchr                        
000026ad  strgcmp                       
00003f63  strlen                        
000006d9  timer1ISR                     
00000881  timer2ISR                     
0000243f  togglePinValue                
2000167c  validEvent                    
00003f77  wcslen                        


GLOBAL SYMBOLS: SORTED BY Symbol Address 

address   name                          
-------   ----                          
00000000  __TI_static_base__            
00000000  g_pfnVectors                  
0000026d  initDMA                       
00000353  initHw                        
00000551  ADC0_SS1_ISR                  
000005ed  ADC1_CMPs_ISR                 
000006d9  timer1ISR                     
00000881  timer2ISR                     
000008e9  getData                       
00000b7d  Normalize                     
00000bf5  crossCo                       
00000d21  abs                           
00000d3d  setColor                      
00000dc3  angleOfArrival                
00000e99  main                          
00001000  __STACK_SIZE                  
00001351  __TI_printfi                  
00001d9f  __aeabi_idiv0                 
00001d9f  __aeabi_ldiv0                 
00001da1  enablePort                    
00001e5d  disablePort                   
00001edd  selectPinPushPullOutput       
00001f2b  selectPinOpenDrainOutput      
00001f79  selectPinDigitalInput         
00001fc7  selectPinAnalogInput          
00002017  setPinCommitControl           
00002093  enablePinPullup               
000020c1  disablePinPullup              
000020e5  enablePinPulldown             
00002109  disablePinPulldown            
00002131  setPinAuxFunction             
00002243  selectPinInterruptRisingEdge  
00002293  selectPinInterruptFallingEdge 
000022e3  selectPinInterruptBothEdges   
00002339  selectPinInterruptHighLevel   
00002373  selectPinInterruptLowLevel    
000023ad  enablePinInterrupt            
000023d1  disablePinInterrupt           
000023f5  clearPinInterrupt             
00002419  setPinValue                   
0000243f  togglePinValue                
00002463  getPinValue                   
000024a1  setPortValue                  
00002519  getPortValue                  
000025a9  initUart0                     
000025f3  setUart0BaudRate              
00002637  putcUart0                     
00002653  putsUart0                     
0000267f  getcUart0                     
00002693  kbhitUart0                    
000026ad  strgcmp                       
000026e5  getsUart0                     
00002761  parseFields                   
000028cd  getFieldString                
00002905  getFieldInteger               
00002987  isCommand                     
00002e21  __aeabi_dsub                  
00002e2b  __aeabi_dadd                  
00003115  __aeabi_ddiv                  
00003371  initRgb                       
00003419  setRgbColor                   
00003489  ldexp                         
00003489  ldexpl                        
00003489  scalbn                        
00003489  scalbnl                       
00003599  __aeabi_dmul                  
00003695  enableNvicInterrupt           
000036cd  disableNvicInterrupt          
00003705  setNvicInterruptPriority      
0000381b  __aeabi_memcpy                
0000381b  __aeabi_memcpy4               
0000381b  __aeabi_memcpy8               
0000381b  memcpy                        
000038b7  __aeabi_uldivmod              
0000394d  __aeabi_cdcmpeq               
0000394d  __aeabi_cdcmple               
000039d3  __aeabi_cdrcmple              
00003a59  __aeabi_memclr                
00003a59  __aeabi_memclr4               
00003a59  __aeabi_memclr8               
00003a5b  __aeabi_memset                
00003a5b  __aeabi_memset4               
00003a5b  __aeabi_memset8               
00003a61  memset                        
00003b41  __TI_decompress_lzss          
00003ba9  frexp                         
00003ba9  frexpl                        
00003c63  __TI_ltoa                     
00003d09  atoi                          
00003d55  snprintf                      
00003da1  __aeabi_d2iz                  
00003de9  __TI_auto_init_nobinit_nopinit
00003e6d  _c_int00_noargs               
00003ed1  __aeabi_i2d                   
00003eff  memccpy                       
00003f1b  copysign                      
00003f1b  copysignl                     
00003f4d  strchr                        
00003f63  strlen                        
00003f77  wcslen                        
00003f89  initSystemClockTo40Mhz        
00003f99  __TI_decompress_none          
00003fa7  __TI_zero_init                
00003fb3  ResetISR                      
00003fc1  __aeabi_errno_addr            
00003fc9  _system_pre_init              
00003fcd  C$$EXIT                       
00003fcd  abort                         
00003fd0  _ctypes_                      
000040e8  __TI_Handler_Table_Base       
000040f4  __TI_Handler_Table_Limit      
00004100  __TI_CINIT_Base               
00004110  __TI_CINIT_Limit              
20000000  __stack                       
20000000  __start___llvm_prf_cnts       
20000000  __stop___llvm_prf_cnts        
20000200  __STACK_TOP                   
20001000  CTL_TABLE                     
20001000  __STACK_END                   
20001400  str                           
20001464  UDMA_CH15_ALT_CTLW            
20001468  UDMA_CH15_ALT_DEP             
2000146c  UDMA_CH15_ALT_SEP             
20001470  UDMA_CH15_PRIM_CTLW           
20001474  UDMA_CH15_PRIM_DEP            
20001478  UDMA_CH15_PRIM_SEP            
2000147c  ping                          
2000157c  pong                          
2000167c  validEvent                    
20001680  pingFullLast                  
20001681  pongFullLast                  
20001684  limit                         
20001688  errno                         
ffffffff  __TI_pprof_out_hndl           
ffffffff  __TI_prof_data_size           
ffffffff  __TI_prof_data_start          
ffffffff  __binit__                     
ffffffff  __c_args__                    
ffffffff  binit                         
UNDEFED   __mpu_init                    
UNDEFED   _system_post_cinit            

[141 symbols]
