******************************************************************************
                  TI ARM Linker PC v20.2.7                     
******************************************************************************
>> Linked Wed Mar 27 16:19:10 2024

OUTPUT FILE NAME:   <Lab5.out>
ENTRY POINT SYMBOL: "_c_int00_noargs"  address: 00002bd9


MEMORY CONFIGURATION

         name            origin    length      used     unused   attr    fill
----------------------  --------  ---------  --------  --------  ----  --------
  FLASH                 00000000   00040000  00002e99  0003d167  R  X
  SRAM                  20000000   00008000  0000106c  00006f94  RW X


SEGMENT ALLOCATION MAP

run origin  load origin   length   init length attrs members
----------  ----------- ---------- ----------- ----- -------
00000000    00000000    00002ea0   00002ea0    r-x
  00000000    00000000    0000026c   0000026c    r-- .intvecs
  0000026c    0000026c    00002afc   00002afc    r-x .text
  00002d68    00002d68    00000101   00000101    r-- .const
  00002e70    00002e70    00000030   00000030    r-- .cinit
20000000    20000000    0000106c   00000000    rw-
  20000000    20000000    00001000   00000000    rw- .stack
  20001000    20001000    00000064   00000000    rw- .bss
  20001064    20001064    00000008   00000000    rw- .data


SECTION ALLOCATION MAP

 output                                  attributes/
section   page    origin      length       input sections
--------  ----  ----------  ----------   ----------------
.intvecs   0    00000000    0000026c     
                  00000000    0000026c     tm4c123gh6pm_startup_ccs.obj (.intvecs)

.text      0    0000026c    00002afc     
                  0000026c    00000a4e     rtsv7M4_T_le_v4SPD16_eabi.lib : _printfi.c.obj (.text:__TI_printfi)
                  00000cba    00000002                                   : div0.asm.obj (.text)
                  00000cbc    00000808     gpio.obj (.text)
                  000014c4    00000278     Lab5_Servando_Olvera.obj (.text)
                  0000173c    00000270     rtsv7M4_T_le_v4SPD16_eabi.lib : _printfi.c.obj (.text:_pconv_a)
                  000019ac    000001d0                                   : _printfi.c.obj (.text:_pconv_g)
                  00001b7c    000001b6                                   : fd_add_t2.asm.obj (.text)
                  00001d32    00000002     --HOLE-- [fill = 0]
                  00001d34    0000013c                                   : _printfi.c.obj (.text:_pconv_e)
                  00001e70    00000136                                   : fd_div_t2.asm.obj (.text)
                  00001fa6    00000002     --HOLE-- [fill = 0]
                  00001fa8    00000128     uart0.obj (.text)
                  000020d0    00000124     rtsv7M4_T_le_v4SPD16_eabi.lib : _printfi.c.obj (.text:fcvt)
                  000021f4    00000110                                   : s_scalbn.c.obj (.text:scalbn)
                  00002304    000000fc                                   : fd_mul_t2.asm.obj (.text)
                  00002400    000000d4     nvic.obj (.text)
                  000024d4    000000b1     rtsv7M4_T_le_v4SPD16_eabi.lib : _printfi.c.obj (.text:_ltostr)
                  00002585    00000001     --HOLE-- [fill = 0]
                  00002586    0000009c                                   : memcpy_t2.asm.obj (.text)
                  00002622    00000096                                   : ull_div_t2.asm.obj (.text)
                  000026b8    00000086                                   : fd_cmp_t2.asm.obj (.text:__aeabi_cdcmple)
                  0000273e    00000086                                   : fd_cmp_t2.asm.obj (.text:__aeabi_cdrcmple)
                  000027c4    0000007a                                   : memset_t2.asm.obj (.text)
                  0000283e    0000006e                                   : _printfi.c.obj (.text:_mcpy)
                  000028ac    00000068                                   : copy_decompress_lzss.c.obj (.text:decompress:lzss:__TI_decompress_lzss)
                  00002914    00000064                                   : s_frexp.c.obj (.text:frexp)
                  00002978    00000056                                   : _printfi.c.obj (.text:_pconv_f)
                  000029ce    00000054                                   : _ltoa.c.obj (.text:__TI_ltoa)
                  00002a22    00000052                                   : _printfi.c.obj (.text:_ecpy)
                  00002a74    0000004c                                   : atoi.c.obj (.text:atoi)
                  00002ac0    0000004c                                   : snprintf.c.obj (.text:snprintf)
                  00002b0c    00000048                                   : fd_toi_t2.asm.obj (.text)
                  00002b54    00000044                                   : autoinit.c.obj (.text:__TI_auto_init_nobinit_nopinit:__TI_auto_init_nobinit_nopinit)
                  00002b98    0000003e                                   : _printfi.c.obj (.text:_fcpy)
                  00002bd6    00000002     --HOLE-- [fill = 0]
                  00002bd8    00000034                                   : boot_cortex_m.c.obj (.text:_c_int00_noargs:_c_int00_noargs)
                  00002c0c    00000030                                   : snprintf.c.obj (.text:_outs)
                  00002c3c    0000002e                                   : i_tofd_t2.asm.obj (.text)
                  00002c6a    0000001c                                   : copy_zero_init.c.obj (.text:decompress:ZI:__TI_zero_init_nomemset:__TI_zero_init_nomemset)
                  00002c86    0000001c                                   : memccpy.c.obj (.text:memccpy)
                  00002ca2    0000001c     wait.obj (.text)
                  00002cbe    0000001a     rtsv7M4_T_le_v4SPD16_eabi.lib : s_copysign.c.obj (.text:copysign)
                  00002cd8    00000018                                   : snprintf.c.obj (.text:_outc)
                  00002cf0    00000016                                   : strchr.c.obj (.text:strchr)
                  00002d06    00000014                                   : strlen.c.obj (.text:strlen)
                  00002d1a    00000012                                   : wcslen.c.obj (.text:wcslen)
                  00002d2c    00000010     clock.obj (.text)
                  00002d3c    0000000e     rtsv7M4_T_le_v4SPD16_eabi.lib : copy_decompress_none.c.obj (.text:decompress:none:__TI_decompress_none)
                  00002d4a    0000000c     tm4c123gh6pm_startup_ccs.obj (.text)
                  00002d56    00000002     --HOLE-- [fill = 0]
                  00002d58    00000008     rtsv7M4_T_le_v4SPD16_eabi.lib : errno.c.obj (.text:__aeabi_errno_addr)
                  00002d60    00000004                                   : pre_init.c.obj (.text:_system_pre_init)
                  00002d64    00000004                                   : exit.c.obj (.text:abort:abort)

.const     0    00002d68    00000101     
                  00002d68    00000101     rtsv7M4_T_le_v4SPD16_eabi.lib : ctype.c.obj (.const:.string:_ctypes_)

.cinit     0    00002e70    00000030     
                  00002e70    0000000c     (__TI_handler_table)
                  00002e7c    00000004     --HOLE-- [fill = 0]
                  00002e80    00000008     (.cinit..bss.load) [load image, compression = zero_init]
                  00002e88    00000007     (.cinit..data.load) [load image, compression = lzss]
                  00002e8f    00000001     --HOLE-- [fill = 0]
                  00002e90    00000010     (__TI_cinit_table)

.init_array 
*          0    00000000    00000000     UNINITIALIZED

.bss       0    20001000    00000064     UNINITIALIZED
                  20001000    00000064     (.common:str)

.data      0    20001064    00000008     UNINITIALIZED
                  20001064    00000004     Lab5_Servando_Olvera.obj (.data)
                  20001068    00000004     rtsv7M4_T_le_v4SPD16_eabi.lib : errno.c.obj (.data)

.stack     0    20000000    00001000     UNINITIALIZED
                  20000000    00000004     rtsv7M4_T_le_v4SPD16_eabi.lib : boot_cortex_m.c.obj (.stack)
                  20000004    00000ffc     --HOLE--

__llvm_prf_cnts 
*          0    20000000    00000000     UNINITIALIZED

MODULE SUMMARY

       Module                         code    ro data   rw data
       ------                         ----    -------   -------
    .\
       gpio.obj                       2056    0         0      
       Lab5_Servando_Olvera.obj       632     0         104    
       tm4c123gh6pm_startup_ccs.obj   12      620       0      
       uart0.obj                      296     0         0      
       nvic.obj                       212     0         0      
       wait.obj                       28      0         0      
       clock.obj                      16      0         0      
    +--+------------------------------+-------+---------+---------+
       Total:                         3252    620       104    
                                                               
    C:\ti\ccs1240\ccs\tools\compiler\ti-cgt-arm_20.2.7.LTS\lib\rtsv7M4_T_le_v4SPD16_eabi.lib
       _printfi.c.obj                 4851    0         0      
       fd_add_t2.asm.obj              438     0         0      
       fd_div_t2.asm.obj              310     0         0      
       s_scalbn.c.obj                 272     0         0      
       fd_cmp_t2.asm.obj              268     0         0      
       ctype.c.obj                    0       257       0      
       fd_mul_t2.asm.obj              252     0         0      
       memcpy_t2.asm.obj              156     0         0      
       ull_div_t2.asm.obj             150     0         0      
       snprintf.c.obj                 148     0         0      
       memset_t2.asm.obj              122     0         0      
       copy_decompress_lzss.c.obj     104     0         0      
       s_frexp.c.obj                  100     0         0      
       _ltoa.c.obj                    84      0         0      
       atoi.c.obj                     76      0         0      
       fd_toi_t2.asm.obj              72      0         0      
       autoinit.c.obj                 68      0         0      
       boot_cortex_m.c.obj            52      0         0      
       i_tofd_t2.asm.obj              46      0         0      
       copy_zero_init.c.obj           28      0         0      
       memccpy.c.obj                  28      0         0      
       s_copysign.c.obj               26      0         0      
       strchr.c.obj                   22      0         0      
       strlen.c.obj                   20      0         0      
       wcslen.c.obj                   18      0         0      
       copy_decompress_none.c.obj     14      0         0      
       errno.c.obj                    8       0         4      
       exit.c.obj                     4       0         0      
       pre_init.c.obj                 4       0         0      
       div0.asm.obj                   2       0         0      
    +--+------------------------------+-------+---------+---------+
       Total:                         7743    257       4      
                                                               
       Stack:                         0       0         4096   
       Linker Generated:              0       43        0      
    +--+------------------------------+-------+---------+---------+
       Grand Total:                   10995   920       4204   


LINKER GENERATED COPY TABLES

__TI_cinit_table @ 00002e90 records: 2, size/record: 8, table size: 16
	.bss: load addr=00002e80, load size=00000008 bytes, run addr=20001000, run size=00000064 bytes, compression=zero_init
	.data: load addr=00002e88, load size=00000007 bytes, run addr=20001064, run size=00000008 bytes, compression=lzss


LINKER GENERATED HANDLER TABLE

__TI_handler_table @ 00002e70 records: 3, size/record: 4, table size: 12
	index: 0, handler: __TI_decompress_lzss
	index: 1, handler: __TI_decompress_none
	index: 2, handler: __TI_zero_init


GLOBAL SYMBOLS: SORTED ALPHABETICALLY BY Name 

address   name                          
-------   ----                          
00002d65  C$$EXIT                       
00002d4b  ResetISR                      
20001000  __STACK_END                   
00001000  __STACK_SIZE                  
20000200  __STACK_TOP                   
00002e90  __TI_CINIT_Base               
00002ea0  __TI_CINIT_Limit              
00002e70  __TI_Handler_Table_Base       
00002e7c  __TI_Handler_Table_Limit      
00002b55  __TI_auto_init_nobinit_nopinit
000028ad  __TI_decompress_lzss          
00002d3d  __TI_decompress_none          
000029cf  __TI_ltoa                     
ffffffff  __TI_pprof_out_hndl           
0000026d  __TI_printfi                  
ffffffff  __TI_prof_data_size           
ffffffff  __TI_prof_data_start          
00000000  __TI_static_base__            
00002c6b  __TI_zero_init_nomemset       
000026b9  __aeabi_cdcmpeq               
000026b9  __aeabi_cdcmple               
0000273f  __aeabi_cdrcmple              
00002b0d  __aeabi_d2iz                  
00001b87  __aeabi_dadd                  
00001e71  __aeabi_ddiv                  
00002305  __aeabi_dmul                  
00001b7d  __aeabi_dsub                  
00002d59  __aeabi_errno_addr            
00002c3d  __aeabi_i2d                   
00000cbb  __aeabi_idiv0                 
00000cbb  __aeabi_ldiv0                 
000027c5  __aeabi_memclr                
000027c5  __aeabi_memclr4               
000027c5  __aeabi_memclr8               
00002587  __aeabi_memcpy                
00002587  __aeabi_memcpy4               
00002587  __aeabi_memcpy8               
000027c7  __aeabi_memset                
000027c7  __aeabi_memset4               
000027c7  __aeabi_memset8               
00002623  __aeabi_uldivmod              
ffffffff  __binit__                     
ffffffff  __c_args__                    
UNDEFED   __mpu_init                    
20000000  __stack                       
20000000  __start___llvm_prf_cnts       
20000000  __stop___llvm_prf_cnts        
00002bd9  _c_int00_noargs               
00002d68  _ctypes_                      
UNDEFED   _system_post_cinit            
00002d61  _system_pre_init              
00002d65  abort                         
00002a75  atoi                          
ffffffff  binit                         
00001311  clearPinInterrupt             
000015e1  comp0ISR                      
00002cbf  copysign                      
00002cbf  copysignl                     
00002439  disableNvicInterrupt          
000012ed  disablePinInterrupt           
00001025  disablePinPulldown            
00000fdd  disablePinPullup              
00000d79  disablePort                   
00002401  enableNvicInterrupt           
000012c9  enablePinInterrupt            
00001001  enablePinPulldown             
00000faf  enablePinPullup               
00000cbd  enablePort                    
20001068  errno                         
00002915  frexp                         
00002915  frexpl                        
00000000  g_pfnVectors                  
0000137f  getPinValue                   
00001435  getPortValue                  
0000207f  getcUart0                     
000014c5  initHw                        
00002d2d  initSystemClockTo40Mhz        
00001fa9  initUart0                     
00002093  kbhitUart0                    
000021f5  ldexp                         
000021f5  ldexpl                        
00001625  main                          
00002c87  memccpy                       
00002587  memcpy                        
000027cd  memset                        
00002037  putcUart0                     
00002053  putsUart0                     
000021f5  scalbn                        
000021f5  scalbnl                       
00000ee3  selectPinAnalogInput          
00000e95  selectPinDigitalInput         
000011ff  selectPinInterruptBothEdges   
000011af  selectPinInterruptFallingEdge 
00001255  selectPinInterruptHighLevel   
0000128f  selectPinInterruptLowLevel    
0000115f  selectPinInterruptRisingEdge  
00000e47  selectPinOpenDrainOutput      
00000df9  selectPinPushPullOutput       
00002471  setNvicInterruptPriority      
0000104d  setPinAuxFunction             
00000f33  setPinCommitControl           
00001335  setPinValue                   
000013bd  setPortValue                  
00001ff3  setUart0BaudRate              
00002ac1  snprintf                      
20001000  str                           
00002cf1  strchr                        
00002d07  strlen                        
00001613  timer1ISR                     
0000135b  togglePinValue                
20001064  trigger                       
00002ca3  waitMicrosecond               
00002d1b  wcslen                        


GLOBAL SYMBOLS: SORTED BY Symbol Address 

address   name                          
-------   ----                          
00000000  __TI_static_base__            
00000000  g_pfnVectors                  
0000026d  __TI_printfi                  
00000cbb  __aeabi_idiv0                 
00000cbb  __aeabi_ldiv0                 
00000cbd  enablePort                    
00000d79  disablePort                   
00000df9  selectPinPushPullOutput       
00000e47  selectPinOpenDrainOutput      
00000e95  selectPinDigitalInput         
00000ee3  selectPinAnalogInput          
00000f33  setPinCommitControl           
00000faf  enablePinPullup               
00000fdd  disablePinPullup              
00001000  __STACK_SIZE                  
00001001  enablePinPulldown             
00001025  disablePinPulldown            
0000104d  setPinAuxFunction             
0000115f  selectPinInterruptRisingEdge  
000011af  selectPinInterruptFallingEdge 
000011ff  selectPinInterruptBothEdges   
00001255  selectPinInterruptHighLevel   
0000128f  selectPinInterruptLowLevel    
000012c9  enablePinInterrupt            
000012ed  disablePinInterrupt           
00001311  clearPinInterrupt             
00001335  setPinValue                   
0000135b  togglePinValue                
0000137f  getPinValue                   
000013bd  setPortValue                  
00001435  getPortValue                  
000014c5  initHw                        
000015e1  comp0ISR                      
00001613  timer1ISR                     
00001625  main                          
00001b7d  __aeabi_dsub                  
00001b87  __aeabi_dadd                  
00001e71  __aeabi_ddiv                  
00001fa9  initUart0                     
00001ff3  setUart0BaudRate              
00002037  putcUart0                     
00002053  putsUart0                     
0000207f  getcUart0                     
00002093  kbhitUart0                    
000021f5  ldexp                         
000021f5  ldexpl                        
000021f5  scalbn                        
000021f5  scalbnl                       
00002305  __aeabi_dmul                  
00002401  enableNvicInterrupt           
00002439  disableNvicInterrupt          
00002471  setNvicInterruptPriority      
00002587  __aeabi_memcpy                
00002587  __aeabi_memcpy4               
00002587  __aeabi_memcpy8               
00002587  memcpy                        
00002623  __aeabi_uldivmod              
000026b9  __aeabi_cdcmpeq               
000026b9  __aeabi_cdcmple               
0000273f  __aeabi_cdrcmple              
000027c5  __aeabi_memclr                
000027c5  __aeabi_memclr4               
000027c5  __aeabi_memclr8               
000027c7  __aeabi_memset                
000027c7  __aeabi_memset4               
000027c7  __aeabi_memset8               
000027cd  memset                        
000028ad  __TI_decompress_lzss          
00002915  frexp                         
00002915  frexpl                        
000029cf  __TI_ltoa                     
00002a75  atoi                          
00002ac1  snprintf                      
00002b0d  __aeabi_d2iz                  
00002b55  __TI_auto_init_nobinit_nopinit
00002bd9  _c_int00_noargs               
00002c3d  __aeabi_i2d                   
00002c6b  __TI_zero_init_nomemset       
00002c87  memccpy                       
00002ca3  waitMicrosecond               
00002cbf  copysign                      
00002cbf  copysignl                     
00002cf1  strchr                        
00002d07  strlen                        
00002d1b  wcslen                        
00002d2d  initSystemClockTo40Mhz        
00002d3d  __TI_decompress_none          
00002d4b  ResetISR                      
00002d59  __aeabi_errno_addr            
00002d61  _system_pre_init              
00002d65  C$$EXIT                       
00002d65  abort                         
00002d68  _ctypes_                      
00002e70  __TI_Handler_Table_Base       
00002e7c  __TI_Handler_Table_Limit      
00002e90  __TI_CINIT_Base               
00002ea0  __TI_CINIT_Limit              
20000000  __stack                       
20000000  __start___llvm_prf_cnts       
20000000  __stop___llvm_prf_cnts        
20000200  __STACK_TOP                   
20001000  __STACK_END                   
20001000  str                           
20001064  trigger                       
20001068  errno                         
ffffffff  __TI_pprof_out_hndl           
ffffffff  __TI_prof_data_size           
ffffffff  __TI_prof_data_start          
ffffffff  __binit__                     
ffffffff  __c_args__                    
ffffffff  binit                         
UNDEFED   __mpu_init                    
UNDEFED   _system_post_cinit            

[113 symbols]
