******************************************************************************
                  TI ARM Linker PC v20.2.7                     
******************************************************************************
>> Linked Wed Feb 28 15:51:16 2024

OUTPUT FILE NAME:   <Lab4_.out>
ENTRY POINT SYMBOL: "_c_int00_noinit_noargs"  address: 00000be1


MEMORY CONFIGURATION

         name            origin    length      used     unused   attr    fill
----------------------  --------  ---------  --------  --------  ----  --------
  FLASH                 00000000   00040000  00000c30  0003f3d0  R  X
  SRAM                  20000000   00008000  00000200  00007e00  RW X


SEGMENT ALLOCATION MAP

run origin  load origin   length   init length attrs members
----------  ----------- ---------- ----------- ----- -------
00000000    00000000    00000c30   00000c30    r-x
  00000000    00000000    0000026c   0000026c    r-- .intvecs
  0000026c    0000026c    000009c4   000009c4    r-x .text
20000000    20000000    00000200   00000000    rw-
  20000000    20000000    00000200   00000000    rw- .stack


SECTION ALLOCATION MAP

 output                                  attributes/
section   page    origin      length       input sections
--------  ----  ----------  ----------   ----------------
.intvecs   0    00000000    0000026c     
                  00000000    0000026c     tm4c123gh6pm_startup_ccs.obj (.intvecs)

.text      0    0000026c    000009c4     
                  0000026c    00000808     gpio.obj (.text)
                  00000a74    0000016c     main.obj (.text)
                  00000be0    0000002c     rtsv7M4_T_le_v4SPD16_eabi.lib : boot_cortex_m.c.obj (.text:_c_int00_noinit_noargs:_c_int00_noinit_noargs)
                  00000c0c    00000010     clock.obj (.text)
                  00000c1c    0000000c     tm4c123gh6pm_startup_ccs.obj (.text)
                  00000c28    00000004     rtsv7M4_T_le_v4SPD16_eabi.lib : pre_init.c.obj (.text:_system_pre_init)
                  00000c2c    00000004                                   : exit.c.obj (.text:abort:abort)

.cinit     0    00000000    00000000     UNINITIALIZED

.init_array 
*          0    00000000    00000000     UNINITIALIZED

.stack     0    20000000    00000200     UNINITIALIZED
                  20000000    00000004     rtsv7M4_T_le_v4SPD16_eabi.lib : boot_cortex_m.c.obj (.stack)
                  20000004    000001fc     --HOLE--

__llvm_prf_cnts 
*          0    20000000    00000000     UNINITIALIZED

MODULE SUMMARY

       Module                         code   ro data   rw data
       ------                         ----   -------   -------
    .\
       gpio.obj                       2056   0         0      
       tm4c123gh6pm_startup_ccs.obj   12     620       0      
       main.obj                       364    0         0      
       clock.obj                      16     0         0      
    +--+------------------------------+------+---------+---------+
       Total:                         2448   620       0      
                                                              
    C:\ti\ccs1240\ccs\tools\compiler\ti-cgt-arm_20.2.7.LTS\lib\rtsv7M4_T_le_v4SPD16_eabi.lib
       boot_cortex_m.c.obj            44     0         0      
       exit.c.obj                     4      0         0      
       pre_init.c.obj                 4      0         0      
    +--+------------------------------+------+---------+---------+
       Total:                         52     0         0      
                                                              
       Stack:                         0      0         512    
    +--+------------------------------+------+---------+---------+
       Grand Total:                   2500   620       512    


GLOBAL SYMBOLS: SORTED ALPHABETICALLY BY Name 

address   name                         
-------   ----                         
00000c2d  C$$EXIT                      
00000b11  Hib0ISR                      
00000c1d  ResetISR                     
20000200  __STACK_END                  
00000200  __STACK_SIZE                 
20000200  __STACK_TOP                  
ffffffff  __TI_pprof_out_hndl          
ffffffff  __TI_prof_data_size          
ffffffff  __TI_prof_data_start         
00000000  __TI_static_base__           
ffffffff  __binit__                    
ffffffff  __c_args__                   
UNDEFED   __mpu_init                   
20000000  __stack                      
20000000  __start___llvm_prf_cnts      
20000000  __stop___llvm_prf_cnts       
00000be1  _c_int00_noinit_noargs       
00000c29  _system_pre_init             
00000c2d  abort                        
ffffffff  binit                        
00000b7b  checkHibfuncs                
00000ae5  checkRTCC                    
000008c1  clearPinInterrupt            
0000089d  disablePinInterrupt          
000005d5  disablePinPulldown           
0000058d  disablePinPullup             
00000329  disablePort                  
00000879  enablePinInterrupt           
000005b1  enablePinPulldown            
0000055f  enablePinPullup              
0000026d  enablePort                   
00000000  g_pfnVectors                 
0000092f  getPinValue                  
000009e5  getPortValue                 
00000ab3  initHib                      
00000a75  initHw                       
00000c0d  initSystemClockTo40Mhz       
00000b7d  main                         
00000493  selectPinAnalogInput         
00000445  selectPinDigitalInput        
000007af  selectPinInterruptBothEdges  
0000075f  selectPinInterruptFallingEdge
00000805  selectPinInterruptHighLevel  
0000083f  selectPinInterruptLowLevel   
0000070f  selectPinInterruptRisingEdge 
000003f7  selectPinOpenDrainOutput     
000003a9  selectPinPushPullOutput      
000005fd  setPinAuxFunction            
000004e3  setPinCommitControl          
000008e5  setPinValue                  
0000096d  setPortValue                 
0000090b  togglePinValue               
00000b6b  waitPbPress                  


GLOBAL SYMBOLS: SORTED BY Symbol Address 

address   name                         
-------   ----                         
00000000  __TI_static_base__           
00000000  g_pfnVectors                 
00000200  __STACK_SIZE                 
0000026d  enablePort                   
00000329  disablePort                  
000003a9  selectPinPushPullOutput      
000003f7  selectPinOpenDrainOutput     
00000445  selectPinDigitalInput        
00000493  selectPinAnalogInput         
000004e3  setPinCommitControl          
0000055f  enablePinPullup              
0000058d  disablePinPullup             
000005b1  enablePinPulldown            
000005d5  disablePinPulldown           
000005fd  setPinAuxFunction            
0000070f  selectPinInterruptRisingEdge 
0000075f  selectPinInterruptFallingEdge
000007af  selectPinInterruptBothEdges  
00000805  selectPinInterruptHighLevel  
0000083f  selectPinInterruptLowLevel   
00000879  enablePinInterrupt           
0000089d  disablePinInterrupt          
000008c1  clearPinInterrupt            
000008e5  setPinValue                  
0000090b  togglePinValue               
0000092f  getPinValue                  
0000096d  setPortValue                 
000009e5  getPortValue                 
00000a75  initHw                       
00000ab3  initHib                      
00000ae5  checkRTCC                    
00000b11  Hib0ISR                      
00000b6b  waitPbPress                  
00000b7b  checkHibfuncs                
00000b7d  main                         
00000be1  _c_int00_noinit_noargs       
00000c0d  initSystemClockTo40Mhz       
00000c1d  ResetISR                     
00000c29  _system_pre_init             
00000c2d  C$$EXIT                      
00000c2d  abort                        
20000000  __stack                      
20000000  __start___llvm_prf_cnts      
20000000  __stop___llvm_prf_cnts       
20000200  __STACK_END                  
20000200  __STACK_TOP                  
ffffffff  __TI_pprof_out_hndl          
ffffffff  __TI_prof_data_size          
ffffffff  __TI_prof_data_start         
ffffffff  __binit__                    
ffffffff  __c_args__                   
ffffffff  binit                        
UNDEFED   __mpu_init                   

[53 symbols]
